---
source: tests/shims_test.rs
expression: "std::fs::read_to_string(sandbox.path().join(\".proto/bin\").join(if cfg!(windows)\n                    {\n                    format!(\"{}.cmd\", \"go-test\")\n                } else { \"go-test\".to_string() })).unwrap()"
---
#!/usr/bin/env bash
set -e
[ -n "$PROTO_DEBUG" ] && set -x



exec proto run go-test --  "$@" 


